// Jest Snapshot v1, https://goo.gl/fbAQLP

exports[`<App/> snapshot 1`] = `
<styled.div>
  <Header />
  <Connect(MainContainer) />
</styled.div>
`;
